Test1 (narrowInt8# 1#) (narrowWord8# 2##)
Test2 (narrowInt16# 1#) (narrowWord16# 2##)
Test3 (narrowInt32# 1#) (narrowWord32# 2##)
